<html>
<body>
<pre>
<h1>µVision Build Log</h1>
<h2>Project:</h2>
D:\MiniGolf-master\MiniGolf.uvproj
Project File Date:  05/03/2017

<h2>Output:</h2>
Rebuild target 'MiniGolf'
assembling startup.s...
assembling random.s...
compiling DAC.c...
compiling ADC.c...
compiling Timer0.c...
compiling Timer1.c...
compiling Sound.c...
assembling LCD.s...
assembling Print.s...
compiling ST7735.c...
compiling EdgeInterrupt.c...
compiling MiniGolf.c...
MiniGolf.c(271): warning:  #1-D: last line of file ends without a newline
  }
MiniGolf.c: 1 warning, 0 errors
compiling Physics.c...
compiling Sensor.c...
linking...
Program Size: Code=9808 RO-data=181212 RW-data=188 ZI-data=1236  
".\MiniGolf.axf" - 0 Error(s), 1 Warning(s).
Load "D:\\MiniGolf-master\\MiniGolf.axf" 
Connecting: Mode=JTAG, Speed=1000000Hz
Erase Done.
Programming Done.
Verify OK.
</pre>
</body>
</html>
