<html>
<body>
<pre>
<h1>µVision Build Log</h1>
<h2>Project:</h2>
C:\Users\Adi\Documents\UTYear1\EE319K\UVision_Projects\Lab7\Lab7.uvproj
Project File Date:  04/24/2017

<h2>Output:</h2>
Build target 'Lab7'
compiling Lab7Main.c...
Lab7Main.c(501): warning:  #177-D: variable "i" was declared but never referenced
    uint32_t i;
Lab7Main.c: 1 warning, 0 errors
linking...
Program Size: Code=3680 RO-data=15424 RW-data=44 ZI-data=1028  
".\Lab7.axf" - 0 Error(s), 1 Warning(s).
</pre>
</body>
</html>
t32_t i;
Lab7Main.c: 1 warning, 2 errors
".\Lab7.axf" - 2 Error(s), 1 Warning(s).
Target not created
